[backblue.gif]
[fade.gif]
[index.html]
[universalkeep.com/soccerlive/tvstremus.com/soccer-live/img/favicon.png]
[universalkeep.com/soccerlive/tvstremus.com/soccer-live/img/nbatv.jpg]
[universalkeep.com/soccerlive/tvstremus.com/soccer-live/images/playit.png]
[universalkeep.com/soccerlive/tvstremus.com/soccer-live/images/footerIcon.png]
[universalkeep.com/soccerlive/tvstremus.com/soccer-live/images/footerIcon2.png]
[universalkeep.com/soccerlive/tvstremus.com/soccer-live/images/footerIcon3.png]
[universalkeep.com/soccerlive/tvstremus.com/soccer-live/images/footerIcon4.png]
[universalkeep.com/soccerlive/tvstremus.com/soccer-live/nba1.png]
[universalkeep.com/soccerlive/ajax.googleapis.com/ajax/libs/jquery/1.11.3/jquery.min.js]
[universalkeep.com/soccerlive/maxcdn.bootstrapcdn.com/bootstrap/3.3.7/js/bootstrap.min.js]
[universalkeep.com/soccerlive/tvstremus.com/soccer-live/js/screenfull.js]
[universalkeep.com/soccerlive/tvstremus.com/soccer-live/js/script.js]
[universalkeep.com/soccerlive/s10.histats.com/js15_as.js]
[universalkeep.com/soccerlive/sstatic1.histats.com/0b2a5b2a5.gif]
[universalkeep.com/soccerlive/tvstremus.com/soccer-live/index.html]
[universalkeep.com/soccerlive/maxcdn.bootstrapcdn.com/bootstrap/3.3.7/css/bootstrap.min.css]
[universalkeep.com/soccerlive/tvstremus.com/soccer-live/images/background.jpg]
[universalkeep.com/soccerlive/tvstremus.com/soccer-live/images/foot_bg.jpg]
[universalkeep.com/soccerlive/tvstremus.com/soccer-live/images/cont_design_bg.png]
[universalkeep.com/soccerlive/tvstremus.com/soccer-live/images/top_row_bg.jpg]
[universalkeep.com/soccerlive/tvstremus.com/soccer-live/images/carousel_button.png]
[universalkeep.com/soccerlive/tvstremus.com/soccer-live/css/style.css]
[universalkeep.com/soccerlive/maxcdn.bootstrapcdn.com/font-awesome/4.7.0/css/font-awesome.min.css]
[universalkeep.com/soccerlive/tvstremus.com/soccer-live/images/player-loading.gif]
[universalkeep.com/soccerlive/tvstremus.com/soccer-live/images/sprite.png]
[universalkeep.com/soccerlive/tvstremus.com/soccer-live/images/red_dot.gif]
[universalkeep.com/soccerlive/tvstremus.com/soccer-live/css/mov.css]
[universalkeep.com/soccerlive/tvstremus.com/soccer-live/index-2.html]
